Archive member included to satisfy reference by file (symbol)

c:/st/stm32cubeide_1.6.1/stm32cubeide/plugins/com.st.stm32cube.ide.mcu.externaltools.gnu-tools-for-stm32.9-2020-q2-update.win32_1.5.0.202011040924/tools/bin/../lib/gcc/arm-none-eabi/9.3.1/../../../../arm-none-eabi/lib/thumb/v7-m/nofp\libc_nano.a(lib_a-errno.o)
                              Core/Src/syscalls.o (__errno)
c:/st/stm32cubeide_1.6.1/stm32cubeide/plugins/com.st.stm32cube.ide.mcu.externaltools.gnu-tools-for-stm32.9-2020-q2-update.win32_1.5.0.202011040924/tools/bin/../lib/gcc/arm-none-eabi/9.3.1/../../../../arm-none-eabi/lib/thumb/v7-m/nofp\libc_nano.a(lib_a-exit.o)
                              c:/st/stm32cubeide_1.6.1/stm32cubeide/plugins/com.st.stm32cube.ide.mcu.externaltools.gnu-tools-for-stm32.9-2020-q2-update.win32_1.5.0.202011040924/tools/bin/../lib/gcc/arm-none-eabi/9.3.1/../../../../arm-none-eabi/lib/thumb/v7-m/nofp/crt0.o (exit)
c:/st/stm32cubeide_1.6.1/stm32cubeide/plugins/com.st.stm32cube.ide.mcu.externaltools.gnu-tools-for-stm32.9-2020-q2-update.win32_1.5.0.202011040924/tools/bin/../lib/gcc/arm-none-eabi/9.3.1/../../../../arm-none-eabi/lib/thumb/v7-m/nofp\libc_nano.a(lib_a-impure.o)
                              c:/st/stm32cubeide_1.6.1/stm32cubeide/plugins/com.st.stm32cube.ide.mcu.externaltools.gnu-tools-for-stm32.9-2020-q2-update.win32_1.5.0.202011040924/tools/bin/../lib/gcc/arm-none-eabi/9.3.1/../../../../arm-none-eabi/lib/thumb/v7-m/nofp\libc_nano.a(lib_a-exit.o) (_global_impure_ptr)
c:/st/stm32cubeide_1.6.1/stm32cubeide/plugins/com.st.stm32cube.ide.mcu.externaltools.gnu-tools-for-stm32.9-2020-q2-update.win32_1.5.0.202011040924/tools/bin/../lib/gcc/arm-none-eabi/9.3.1/../../../../arm-none-eabi/lib/thumb/v7-m/nofp\libc_nano.a(lib_a-init.o)
                              c:/st/stm32cubeide_1.6.1/stm32cubeide/plugins/com.st.stm32cube.ide.mcu.externaltools.gnu-tools-for-stm32.9-2020-q2-update.win32_1.5.0.202011040924/tools/bin/../lib/gcc/arm-none-eabi/9.3.1/../../../../arm-none-eabi/lib/thumb/v7-m/nofp/crt0.o (__libc_init_array)
c:/st/stm32cubeide_1.6.1/stm32cubeide/plugins/com.st.stm32cube.ide.mcu.externaltools.gnu-tools-for-stm32.9-2020-q2-update.win32_1.5.0.202011040924/tools/bin/../lib/gcc/arm-none-eabi/9.3.1/../../../../arm-none-eabi/lib/thumb/v7-m/nofp\libc_nano.a(lib_a-itoa.o)
                              Core/Src/LCD_program.o (itoa)
c:/st/stm32cubeide_1.6.1/stm32cubeide/plugins/com.st.stm32cube.ide.mcu.externaltools.gnu-tools-for-stm32.9-2020-q2-update.win32_1.5.0.202011040924/tools/bin/../lib/gcc/arm-none-eabi/9.3.1/../../../../arm-none-eabi/lib/thumb/v7-m/nofp\libc_nano.a(lib_a-memset.o)
                              c:/st/stm32cubeide_1.6.1/stm32cubeide/plugins/com.st.stm32cube.ide.mcu.externaltools.gnu-tools-for-stm32.9-2020-q2-update.win32_1.5.0.202011040924/tools/bin/../lib/gcc/arm-none-eabi/9.3.1/../../../../arm-none-eabi/lib/thumb/v7-m/nofp/crt0.o (memset)
c:/st/stm32cubeide_1.6.1/stm32cubeide/plugins/com.st.stm32cube.ide.mcu.externaltools.gnu-tools-for-stm32.9-2020-q2-update.win32_1.5.0.202011040924/tools/bin/../lib/gcc/arm-none-eabi/9.3.1/../../../../arm-none-eabi/lib/thumb/v7-m/nofp\libc_nano.a(lib_a-utoa.o)
                              c:/st/stm32cubeide_1.6.1/stm32cubeide/plugins/com.st.stm32cube.ide.mcu.externaltools.gnu-tools-for-stm32.9-2020-q2-update.win32_1.5.0.202011040924/tools/bin/../lib/gcc/arm-none-eabi/9.3.1/../../../../arm-none-eabi/lib/thumb/v7-m/nofp\libc_nano.a(lib_a-itoa.o) (__utoa)
c:/st/stm32cubeide_1.6.1/stm32cubeide/plugins/com.st.stm32cube.ide.mcu.externaltools.gnu-tools-for-stm32.9-2020-q2-update.win32_1.5.0.202011040924/tools/bin/../lib/gcc/arm-none-eabi/9.3.1/thumb/v7-m/nofp\libgcc.a(_arm_muldf3.o)
                              Core/Src/UART_program.o (__aeabi_dmul)
c:/st/stm32cubeide_1.6.1/stm32cubeide/plugins/com.st.stm32cube.ide.mcu.externaltools.gnu-tools-for-stm32.9-2020-q2-update.win32_1.5.0.202011040924/tools/bin/../lib/gcc/arm-none-eabi/9.3.1/thumb/v7-m/nofp\libgcc.a(_arm_mulsf3.o)
                              Core/Src/UART_program.o (__aeabi_fmul)
c:/st/stm32cubeide_1.6.1/stm32cubeide/plugins/com.st.stm32cube.ide.mcu.externaltools.gnu-tools-for-stm32.9-2020-q2-update.win32_1.5.0.202011040924/tools/bin/../lib/gcc/arm-none-eabi/9.3.1/thumb/v7-m/nofp\libgcc.a(_arm_addsubdf3.o)
                              Core/Src/UART_program.o (__aeabi_ui2d)
c:/st/stm32cubeide_1.6.1/stm32cubeide/plugins/com.st.stm32cube.ide.mcu.externaltools.gnu-tools-for-stm32.9-2020-q2-update.win32_1.5.0.202011040924/tools/bin/../lib/gcc/arm-none-eabi/9.3.1/thumb/v7-m/nofp\libgcc.a(_arm_muldivdf3.o)
                              Core/Src/UART_program.o (__aeabi_ddiv)
c:/st/stm32cubeide_1.6.1/stm32cubeide/plugins/com.st.stm32cube.ide.mcu.externaltools.gnu-tools-for-stm32.9-2020-q2-update.win32_1.5.0.202011040924/tools/bin/../lib/gcc/arm-none-eabi/9.3.1/thumb/v7-m/nofp\libgcc.a(_arm_truncdfsf2.o)
                              Core/Src/UART_program.o (__aeabi_d2f)
[...]
Memory Configuration

Name             Origin             Length             Attributes
RAM              0x0000000020000000 0x0000000000005000 xrw
FLASH            0x0000000008000000 0x0000000000010000 xr
*default*        0x0000000000000000 0xffffffffffffffff

Linker script and memory map

LOAD c:/st/stm32cubeide_1.6.1/stm32cubeide/plugins/com.st.stm32cube.ide.mcu.externaltools.gnu-tools-for-stm32.9-2020-q2-update.win32_1.5.0.202011040924/tools/bin/../lib/gcc/arm-none-eabi/9.3.1/thumb/v7-m/nofp/crti.o
LOAD c:/st/stm32cubeide_1.6.1/stm32cubeide/plugins/com.st.stm32cube.ide.mcu.externaltools.gnu-tools-for-stm32.9-2020-q2-update.win32_1.5.0.202011040924/tools/bin/../lib/gcc/arm-none-eabi/9.3.1/thumb/v7-m/nofp/crtbegin.o
LOAD c:/st/stm32cubeide_1.6.1/stm32cubeide/plugins/com.st.stm32cube.ide.mcu.externaltools.gnu-tools-for-stm32.9-2020-q2-update.win32_1.5.0.202011040924/tools/bin/../lib/gcc/arm-none-eabi/9.3.1/../../../../arm-none-eabi/lib/thumb/v7-m/nofp/crt0.o
LOAD Core/Src/ADC_program.o
LOAD Core/Src/GPIO_program.o
LOAD Core/Src/I2C_program.o
LOAD Core/Src/LCD_program.o
LOAD Core/Src/NVIC_program.o
LOAD Core/Src/PWM_program.o
LOAD Core/Src/RCC_program.o
LOAD Core/Src/STK_program.o
LOAD Core/Src/UART_program.o
LOAD Core/Src/main.o
LOAD Core/Src/stm32f1xx_hal_msp.o
LOAD Core/Src/stm32f1xx_it.o
LOAD Core/Src/syscalls.o
LOAD Core/Src/sysmem.o
LOAD Core/Src/system_stm32f1xx.o
LOAD Core/Startup/startup_stm32f103c8tx.o
LOAD Drivers/STM32F1xx_HAL_Driver/Src/stm32f1xx_hal.o
LOAD Drivers/STM32F1xx_HAL_Driver/Src/stm32f1xx_hal_cortex.o
LOAD Drivers/STM32F1xx_HAL_Driver/Src/stm32f1xx_hal_dma.o
LOAD Drivers/STM32F1xx_HAL_Driver/Src/stm32f1xx_hal_exti.o
LOAD Drivers/STM32F1xx_HAL_Driver/Src/stm32f1xx_hal_flash.o
LOAD Drivers/STM32F1xx_HAL_Driver/Src/stm32f1xx_hal_flash_ex.o
LOAD Drivers/STM32F1xx_HAL_Driver/Src/stm32f1xx_hal_gpio.o
LOAD Drivers/STM32F1xx_HAL_Driver/Src/stm32f1xx_hal_gpio_ex.o
LOAD Drivers/STM32F1xx_HAL_Driver/Src/stm32f1xx_hal_pwr.o
LOAD Drivers/STM32F1xx_HAL_Driver/Src/stm32f1xx_hal_rcc.o
LOAD Drivers/STM32F1xx_HAL_Driver/Src/stm32f1xx_hal_rcc_ex.o
LOAD Drivers/STM32F1xx_HAL_Driver/Src/stm32f1xx_hal_tim.o
LOAD Drivers/STM32F1xx_HAL_Driver/Src/stm32f1xx_hal_tim_ex.o
START GROUP
LOAD c:/st/stm32cubeide_1.6.1/stm32cubeide/plugins/com.st.stm32cube.ide.mcu.externaltools.gnu-tools-for-stm32.9-2020-q2-update.win32_1.5.0.202011040924/tools/bin/../lib/gcc/arm-none-eabi/9.3.1/../../../../arm-none-eabi/lib/thumb/v7-m/nofp\libc_nano.a
LOAD c:/st/stm32cubeide_1.6.1/stm32cubeide/plugins/com.st.stm32cube.ide.mcu.externaltools.gnu-tools-for-stm32.9-2020-q2-update.win32_1.5.0.202011040924/tools/bin/../lib/gcc/arm-none-eabi/9.3.1/../../../../arm-none-eabi/lib/thumb/v7-m/nofp\libm.a
END GROUP
START GROUP
LOAD c:/st/stm32cubeide_1.6.1/stm32cubeide/plugins/com.st.stm32cube.ide.mcu.externaltools.gnu-tools-for-stm32.9-2020-q2-update.win32_1.5.0.202011040924/tools/bin/../lib/gcc/arm-none-eabi/9.3.1/thumb/v7-m/nofp\libgcc.a
LOAD c:/st/stm32cubeide_1.6.1/stm32cubeide/plugins/com.st.stm32cube.ide.mcu.externaltools.gnu-tools-for-stm32.9-2020-q2-update.win32_1.5.0.202011040924/tools/bin/../lib/gcc/arm-none-eabi/9.3.1/../../../../arm-none-eabi/lib/thumb/v7-m/nofp\libc_nano.a
END GROUP
START GROUP
LOAD c:/st/stm32cubeide_1.6.1/stm32cubeide/plugins/com.st.stm32cube.ide.mcu.externaltools.gnu-tools-for-stm32.9-2020-q2-update.win32_1.5.0.202011040924/tools/bin/../lib/gcc/arm-none-eabi/9.3.1/thumb/v7-m/nofp\libgcc.a
LOAD c:/st/stm32cubeide_1.6.1/stm32cubeide/plugins/com.st.stm32cube.ide.mcu.externaltools.gnu-tools-for-stm32.9-2020-q2-update.win32_1.5.0.202011040924/tools/bin/../lib/gcc/arm-none-eabi/9.3.1/../../../../arm-none-eabi/lib/thumb/v7-m/nofp\libc_nano.a
LOAD c:/st/stm32cubeide_1.6.1/stm32cubeide/plugins/com.st.stm32cube.ide.mcu.externaltools.gnu-tools-for-stm32.9-2020-q2-update.win32_1.5.0.202011040924/tools/bin/../lib/gcc/arm-none-eabi/9.3.1/../../../../arm-none-eabi/lib/thumb/v7-m/nofp\libnosys.a
END GROUP
START GROUP
LOAD c:/st/stm32cubeide_1.6.1/stm32cubeide/plugins/com.st.stm32cube.ide.mcu.externaltools.gnu-tools-for-stm32.9-2020-q2-update.win32_1.5.0.202011040924/tools/bin/../lib/gcc/arm-none-eabi/9.3.1/thumb/v7-m/nofp\libgcc.a
LOAD c:/st/stm32cubeide_1.6.1/stm32cubeide/plugins/com.st.stm32cube.ide.mcu.externaltools.gnu-tools-for-stm32.9-2020-q2-update.win32_1.5.0.202011040924/tools/bin/../lib/gcc/arm-none-eabi/9.3.1/../../../../arm-none-eabi/lib/thumb/v7-m/nofp\libc_nano.a
LOAD c:/st/stm32cubeide_1.6.1/stm32cubeide/plugins/com.st.stm32cube.ide.mcu.externaltools.gnu-tools-for-stm32.9-2020-q2-update.win32_1.5.0.202011040924/tools/bin/../lib/gcc/arm-none-eabi/9.3.1/../../../../arm-none-eabi/lib/thumb/v7-m/nofp\libnosys.a
END GROUP
LOAD c:/st/stm32cubeide_1.6.1/stm32cubeide/plugins/com.st.stm32cube.ide.mcu.externaltools.gnu-tools-for-stm32.9-2020-q2-update.win32_1.5.0.202011040924/tools/bin/../lib/gcc/arm-none-eabi/9.3.1/thumb/v7-m/nofp/crtend.o
LOAD c:/st/stm32cubeide_1.6.1/stm32cubeide/plugins/com.st.stm32cube.ide.mcu.externaltools.gnu-tools-for-stm32.9-2020-q2-update.win32_1.5.0.202011040924/tools/bin/../lib/gcc/arm-none-eabi/9.3.1/thumb/v7-m/nofp/crtn.o
                0x0000000020005000                _estack = (ORIGIN (RAM) + LENGTH (RAM))
                0x0000000000000200                _Min_Heap_Size = 0x200
                0x0000000000000400                _Min_Stack_Size = 0x400

.isr_vector     0x0000000008000000      0x10c
                0x0000000008000000                . = ALIGN (0x4)
 *(.isr_vector)
 .isr_vector    0x0000000008000000      0x10c Core/Startup/startup_stm32f103c8tx.o
                0x0000000008000000                g_pfnVectors
                0x000000000800010c                . = ALIGN (0x4)

.text           0x0000000008000110     0x2c54
                0x0000000008000110                . = ALIGN (0x4)
 *(.text)
 .text          0x0000000008000110       0x40 c:/st/stm32cubeide_1.6.1/stm32cubeide/plugins/com.st.stm32cube.ide.mcu.externaltools.gnu-tools-for-stm32.9-2020-q2-update.win32_1.5.0.202011040924/tools/bin/../lib/gcc/arm-none-eabi/9.3.1/thumb/v7-m/nofp/crtbegin.o
 .text          0x0000000008000150      0x168 c:/st/stm32cubeide_1.6.1/stm32cubeide/plugins/com.st.stm32cube.ide.mcu.externaltools.gnu-tools-for-stm32.9-2020-q2-update.win32_1.5.0.202011040924/tools/bin/../lib/gcc/arm-none-eabi/9.3.1/thumb/v7-m/nofp\libgcc.a(_arm_mulsf3.o)
                0x0000000008000150                __aeabi_fmul
                0x0000000008000150                __mulsf3
 .text          0x00000000080002b8      0x378 c:/st/stm32cubeide_1.6.1/stm32cubeide/plugins/com.st.stm32cube.ide.mcu.externaltools.gnu-tools-for-stm32.9-2020-q2-update.win32_1.5.0.202011040924/tools/bin/../lib/gcc/arm-none-eabi/9.3.1/thumb/v7-m/nofp\libgcc.a(_arm_addsubdf3.o)
                0x00000000080002b8                __aeabi_drsub
                0x00000000080002c0                __aeabi_dsub
                0x00000000080002c0                __subdf3
                0x00000000080002c4                __aeabi_dadd
                0x00000000080002c4                __adddf3
                0x000000000800053c                __floatunsidf
                0x000000000800053c                __aeabi_ui2d
                0x000000000800055c                __floatsidf
                0x000000000800055c                __aeabi_i2d
                0x0000000008000580                __aeabi_f2d
                0x0000000008000580                __extendsfdf2
                0x00000000080005c4                __floatundidf
                0x00000000080005c4                __aeabi_ul2d
                0x00000000080005d4                __floatdidf
                0x00000000080005d4                __aeabi_l2d
 .text          0x0000000008000630      0x424 c:/st/stm32cubeide_1.6.1/stm32cubeide/plugins/com.st.stm32cube.ide.mcu.externaltools.gnu-tools-for-stm32.9-2020-q2-update.win32_1.5.0.202011040924/tools/bin/../lib/gcc/arm-none-eabi/9.3.1/thumb/v7-m/nofp\libgcc.a(_arm_muldivdf3.o)
                0x0000000008000630                __aeabi_dmul
                0x0000000008000630                __muldf3
                0x0000000008000884                __divdf3
                0x0000000008000884                __aeabi_ddiv
 .text          0x0000000008000a54       0xa0 c:/st/stm32cubeide_1.6.1/stm32cubeide/plugins/com.st.stm32cube.ide.mcu.externaltools.gnu-tools-for-stm32.9-2020-q2-update.win32_1.5.0.202011040924/tools/bin/../lib/gcc/arm-none-eabi/9.3.1/thumb/v7-m/nofp\libgcc.a(_arm_truncdfsf2.o)
                0x0000000008000a54                __truncdfsf2
                0x0000000008000a54                __aeabi_d2f
 .text          0x0000000008000af4      0x21c c:/st/stm32cubeide_1.6.1/stm32cubeide/plugins/com.st.stm32cube.ide.mcu.externaltools.gnu-tools-for-stm32.9-2020-q2-update.win32_1.5.0.202011040924/tools/bin/../lib/gcc/arm-none-eabi/9.3.1/thumb/v7-m/nofp\libgcc.a(_arm_addsubsf3.o)
                0x0000000008000af4                __aeabi_frsub
                0x0000000008000afc                __subsf3
                0x0000000008000afc                __aeabi_fsub
                0x0000000008000b00                __aeabi_fadd
                0x0000000008000b00                __addsf3
                0x0000000008000c60                __aeabi_ui2f
                0x0000000008000c60                __floatunsisf
                0x0000000008000c68                __aeabi_i2f
                0x0000000008000c68                __floatsisf
                0x0000000008000c84                __aeabi_ul2f
                0x0000000008000c84                __floatundisf
                0x0000000008000c94                __aeabi_l2f
                0x0000000008000c94                __floatdisf
 .text          0x0000000008000d10       0xec c:/st/stm32cubeide_1.6.1/stm32cubeide/plugins/com.st.stm32cube.ide.mcu.externaltools.gnu-tools-for-stm32.9-2020-q2-update.win32_1.5.0.202011040924/tools/bin/../lib/gcc/arm-none-eabi/9.3.1/thumb/v7-m/nofp\libgcc.a(_arm_cmpsf2.o)
                0x0000000008000d10                __gesf2
                0x0000000008000d10                __gtsf2
                0x0000000008000d18                __lesf2
                0x0000000008000d18                __ltsf2
                0x0000000008000d20                __nesf2
                0x0000000008000d20                __eqsf2
                0x0000000008000d20                __cmpsf2
                0x0000000008000d80                __aeabi_cfrcmple
                0x0000000008000d88                __aeabi_cfcmpeq
                0x0000000008000d88                __aeabi_cfcmple
                0x0000000008000d98                __aeabi_fcmpeq
                0x0000000008000dac                __aeabi_fcmplt
                0x0000000008000dc0                __aeabi_fcmple
                0x0000000008000dd4                __aeabi_fcmpge
                0x0000000008000de8                __aeabi_fcmpgt
 .text          0x0000000008000dfc       0x40 c:/st/stm32cubeide_1.6.1/stm32cubeide/plugins/com.st.stm32cube.ide.mcu.externaltools.gnu-tools-for-stm32.9-2020-q2-update.win32_1.5.0.202011040924/tools/bin/../lib/gcc/arm-none-eabi/9.3.1/thumb/v7-m/nofp\libgcc.a(_arm_fixunssfsi.o)
                0x0000000008000dfc                __fixunssfsi
                0x0000000008000dfc                __aeabi_f2uiz
 *(.text*)
 .text.MADC1_voidInit
                0x0000000008000e3c       0x50 Core/Src/ADC_program.o
                0x0000000008000e3c                MADC1_voidInit
 .text.MADC1_u16StartConversion_Channel_0
                0x0000000008000e8c       0x54 Core/Src/ADC_program.o
                0x0000000008000e8c                MADC1_u16StartConversion_Channel_0
 .text.MADC1_u16StartConversion_Channel_1
                0x0000000008000ee0       0x58 Core/Src/ADC_program.o
                0x0000000008000ee0                MADC1_u16StartConversion_Channel_1
 .text.MDIO_voidSetPinDirection
                0x0000000008000f38      0x1b0 Core/Src/GPIO_program.o
                0x0000000008000f38                MDIO_voidSetPinDirection
 .text.MDIO_voidSetPinValue
                0x00000000080010e8       0xb0 Core/Src/GPIO_program.o
                0x00000000080010e8                MDIO_voidSetPinValue
 .text.MDIO_u8GetPinValue
                0x0000000008001198       0x88 Core/Src/GPIO_program.o
                0x0000000008001198                MDIO_u8GetPinValue
 .text.MNVIC_voidInit
                0x0000000008001220       0x1c Core/Src/NVIC_program.o
                0x0000000008001220                MNVIC_voidInit
 .text.MNVIC_voidEnableInterrupt
                0x000000000800123c       0x60 Core/Src/NVIC_program.o
                0x000000000800123c                MNVIC_voidEnableInterrupt
 .text.MPWM_voidInit
                0x000000000800129c       0x6c Core/Src/PWM_program.o
                0x000000000800129c                MPWM_voidInit
 .text.MPWM_voidChannel_1_SetValue
                0x0000000008001308       0x20 Core/Src/PWM_program.o
                0x0000000008001308                MPWM_voidChannel_1_SetValue
 .text.MPWM_voidChannel_2_SetValue
                0x0000000008001328       0x20 Core/Src/PWM_program.o
                0x0000000008001328                MPWM_voidChannel_2_SetValue
 .text.MRCC_voidInit
                0x0000000008001348       0x38 Core/Src/RCC_program.o
                0x0000000008001348                MRCC_voidInit
 .text.MRCC_voidClkEnable
                0x0000000008001380       0x58 Core/Src/RCC_program.o
                0x0000000008001380                MRCC_voidClkEnable
 .text.MRCC_voidClkDisable
                0x00000000080013d8       0x58 Core/Src/RCC_program.o
                0x00000000080013d8                MRCC_voidClkDisable
 .text.MRCC_u8CheckClockReady
                0x0000000008001430       0x64 Core/Src/RCC_program.o
                0x0000000008001430                MRCC_u8CheckClockReady
 .text.MRCC_voidSetClkSource
                0x0000000008001494       0x7c Core/Src/RCC_program.o
                0x0000000008001494                MRCC_voidSetClkSource
 .text.MRCC_voidSetBusesPrescaler
                0x0000000008001510       0x60 Core/Src/RCC_program.o
                0x0000000008001510                MRCC_voidSetBusesPrescaler
 .text.MRCC_voidControlPeripheralsClock
                0x0000000008001570      0x698 Core/Src/RCC_program.o
                0x0000000008001570                MRCC_voidControlPeripheralsClock
 .text.MSTK_voidInit
                0x0000000008001c08       0x18 Core/Src/STK_program.o
                0x0000000008001c08                MSTK_voidInit
 .text.MSTK_voidSetBusyWait
                0x0000000008001c20       0x54 Core/Src/STK_program.o
                0x0000000008001c20                MSTK_voidSetBusyWait
 .text.SysTick_Handler
                0x0000000008001c74       0x48 Core/Src/STK_program.o
                0x0000000008001c74                SysTick_Handler
 *fill*         0x0000000008001cbc        0x4 
 .text.MUART_voidInit
                0x0000000008001cc0      0x334 Core/Src/UART_program.o
                0x0000000008001cc0                MUART_voidInit
 .text.MUART_voidTransmitSync
                0x0000000008001ff4       0x64 Core/Src/UART_program.o
                0x0000000008001ff4                MUART_voidTransmitSync
 .text.USART1_IRQHandler
                0x0000000008002058       0x14 Core/Src/UART_program.o
                0x0000000008002058                USART1_IRQHandler
 .text.MUART2_voidSetCallBack
                0x000000000800206c       0x24 Core/Src/UART_program.o
                0x000000000800206c                MUART2_voidSetCallBack
 .text.USART2_IRQHandler
                0x0000000008002090       0x14 Core/Src/UART_program.o
                0x0000000008002090                USART2_IRQHandler
 .text.MUART3_voidSetCallBack
                0x00000000080020a4       0x24 Core/Src/UART_program.o
                0x00000000080020a4                MUART3_voidSetCallBack
 .text.USART3_IRQHandler
                0x00000000080020c8       0x14 Core/Src/UART_program.o
                0x00000000080020c8                USART3_IRQHandler
 .text.MUART2_u8ReadDR
                0x00000000080020dc       0x18 Core/Src/UART_program.o
                0x00000000080020dc                MUART2_u8ReadDR
 .text.MUART3_u8ReadDR
                0x00000000080020f4       0x18 Core/Src/UART_program.o
                0x00000000080020f4                MUART3_u8ReadDR
 .text.main     0x000000000800210c      0x454 Core/Src/main.o
                0x000000000800210c                main
 .text.GetDataFromRaspberryPi
                0x0000000008002560       0x60 Core/Src/main.o
                0x0000000008002560                GetDataFromRaspberryPi
 .text.GetDataFromBluetooth
                0x00000000080025c0       0x2c Core/Src/main.o
                0x00000000080025c0                GetDataFromBluetooth
 .text.Init     0x00000000080025ec      0x2d4 Core/Src/main.o
                0x00000000080025ec                Init
 .text.ControlWheelchairUsingJoystick
                0x00000000080028c0      0x11c Core/Src/main.o
                0x00000000080028c0                ControlWheelchairUsingJoystick
 .text.WheelChair_Forward
                0x00000000080029dc       0x40 Core/Src/main.o
                0x00000000080029dc                WheelChair_Forward
 .text.WheelChair_Backward
                0x0000000008002a1c       0x40 Core/Src/main.o
                0x0000000008002a1c                WheelChair_Backward
 .text.WheelChair_Right
                0x0000000008002a5c       0x40 Core/Src/main.o
                0x0000000008002a5c                WheelChair_Right
 .text.WheelChair_Left
                0x0000000008002a9c       0x40 Core/Src/main.o
                0x0000000008002a9c                WheelChair_Left
 .text.WheelChair_Stop
                0x0000000008002adc       0x3c Core/Src/main.o
                0x0000000008002adc                WheelChair_Stop
 .text.WheelChair_RightForward
                0x0000000008002b18       0x40 Core/Src/main.o
                0x0000000008002b18                WheelChair_RightForward
 .text.WheelChair_LeftForward
                0x0000000008002b58       0x40 Core/Src/main.o
                0x0000000008002b58                WheelChair_LeftForward
 .text.WheelChair_RightBackward
                0x0000000008002b98       0x40 Core/Src/main.o
                0x0000000008002b98                WheelChair_RightBackward
 .text.WheelChair_LeftBackward
                0x0000000008002bd8       0x40 Core/Src/main.o
                0x0000000008002bd8                WheelChair_LeftBackward
 .text.compare_strings
                0x0000000008002c18       0x52 Core/Src/main.o
                0x0000000008002c18                compare_strings
 .text.NMI_Handler
                0x0000000008002c6a        0x6 Core/Src/stm32f1xx_it.o
                0x0000000008002c6a                NMI_Handler
 .text.HardFault_Handler
                0x0000000008002c70        0x6 Core/Src/stm32f1xx_it.o
                0x0000000008002c70                HardFault_Handler
 .text.MemManage_Handler
                0x0000000008002c76        0x6 Core/Src/stm32f1xx_it.o
                0x0000000008002c76                MemManage_Handler
 .text.BusFault_Handler
                0x0000000008002c7c        0x6 Core/Src/stm32f1xx_it.o
                0x0000000008002c7c                BusFault_Handler
 .text.UsageFault_Handler
                0x0000000008002c82        0x6 Core/Src/stm32f1xx_it.o
                0x0000000008002c82                UsageFault_Handler
 .text.SVC_Handler
                0x0000000008002c88        0xc Core/Src/stm32f1xx_it.o
                0x0000000008002c88                SVC_Handler
 .text.DebugMon_Handler
                0x0000000008002c94        0xc Core/Src/stm32f1xx_it.o
                0x0000000008002c94                DebugMon_Handler
 .text.PendSV_Handler
                0x0000000008002ca0        0xc Core/Src/stm32f1xx_it.o
                0x0000000008002ca0                PendSV_Handler
 .text.SystemInit
                0x0000000008002cac        0xc Core/Src/system_stm32f1xx.o
                0x0000000008002cac                SystemInit
 .text.Reset_Handler
                0x0000000008002cb8       0x48 Core/Startup/startup_stm32f103c8tx.o
                0x0000000008002cb8                Reset_Handler
 .text.Default_Handler
                0x0000000008002d00        0x2 Core/Startup/startup_stm32f103c8tx.o
                0x0000000008002d00                RTC_Alarm_IRQHandler
                0x0000000008002d00                EXTI2_IRQHandler
                0x0000000008002d00                TIM1_CC_IRQHandler
                0x0000000008002d00                PVD_IRQHandler
                0x0000000008002d00                EXTI3_IRQHandler
                0x0000000008002d00                EXTI0_IRQHandler
                0x0000000008002d00                I2C2_EV_IRQHandler
                0x0000000008002d00                ADC1_2_IRQHandler
                0x0000000008002d00                SPI1_IRQHandler
                0x0000000008002d00                TAMPER_IRQHandler
                0x0000000008002d00                DMA1_Channel4_IRQHandler
                0x0000000008002d00                RTC_IRQHandler
                0x0000000008002d00                DMA1_Channel7_IRQHandler
                0x0000000008002d00                CAN1_RX1_IRQHandler
                0x0000000008002d00                TIM4_IRQHandler
                0x0000000008002d00                I2C1_EV_IRQHandler
                0x0000000008002d00                DMA1_Channel6_IRQHandler
                0x0000000008002d00                TIM3_IRQHandler
                0x0000000008002d00                RCC_IRQHandler
                0x0000000008002d00                TIM1_TRG_COM_IRQHandler
                0x0000000008002d00                DMA1_Channel1_IRQHandler
                0x0000000008002d00                Default_Handler
                0x0000000008002d00                EXTI15_10_IRQHandler
                0x0000000008002d00                EXTI9_5_IRQHandler
                0x0000000008002d00                SPI2_IRQHandler
                0x0000000008002d00                DMA1_Channel5_IRQHandler
                0x0000000008002d00                EXTI4_IRQHandler
                0x0000000008002d00                USB_LP_CAN1_RX0_IRQHandler
                0x0000000008002d00                USB_HP_CAN1_TX_IRQHandler
                0x0000000008002d00                DMA1_Channel3_IRQHandler
                0x0000000008002d00                TIM1_UP_IRQHandler
                0x0000000008002d00                WWDG_IRQHandler
                0x0000000008002d00                TIM2_IRQHandler
                0x0000000008002d00                TIM1_BRK_IRQHandler
                0x0000000008002d00                EXTI1_IRQHandler
                0x0000000008002d00                I2C2_ER_IRQHandler
                0x0000000008002d00                DMA1_Channel2_IRQHandler
                0x0000000008002d00                CAN1_SCE_IRQHandler
                0x0000000008002d00                FLASH_IRQHandler
                0x0000000008002d00                I2C1_ER_IRQHandler
                0x0000000008002d00                USBWakeUp_IRQHandler
 *fill*         0x0000000008002d02        0x2 
 .text.__libc_init_array
                0x0000000008002d04       0x48 c:/st/stm32cubeide_1.6.1/stm32cubeide/plugins/com.st.stm32cube.ide.mcu.externaltools.gnu-tools-for-stm32.9-2020-q2-update.win32_1.5.0.202011040924/tools/bin/../lib/gcc/arm-none-eabi/9.3.1/../../../../arm-none-eabi/lib/thumb/v7-m/nofp\libc_nano.a(lib_a-init.o)
                0x0000000008002d04                __libc_init_array
 *(.glue_7)
 .glue_7        0x0000000008002d4c        0x0 linker stubs
 *(.glue_7t)
 .glue_7t       0x0000000008002d4c        0x0 linker stubs
 *(.eh_frame)
 .eh_frame      0x0000000008002d4c        0x0 c:/st/stm32cubeide_1.6.1/stm32cubeide/plugins/com.st.stm32cube.ide.mcu.externaltools.gnu-tools-for-stm32.9-2020-q2-update.win32_1.5.0.202011040924/tools/bin/../lib/gcc/arm-none-eabi/9.3.1/thumb/v7-m/nofp/crtbegin.o
 *(.init)
 .init          0x0000000008002d4c        0x4 c:/st/stm32cubeide_1.6.1/stm32cubeide/plugins/com.st.stm32cube.ide.mcu.externaltools.gnu-tools-for-stm32.9-2020-q2-update.win32_1.5.0.202011040924/tools/bin/../lib/gcc/arm-none-eabi/9.3.1/thumb/v7-m/nofp/crti.o
                0x0000000008002d4c                _init
 .init          0x0000000008002d50        0x8 c:/st/stm32cubeide_1.6.1/stm32cubeide/plugins/com.st.stm32cube.ide.mcu.externaltools.gnu-tools-for-stm32.9-2020-q2-update.win32_1.5.0.202011040924/tools/bin/../lib/gcc/arm-none-eabi/9.3.1/thumb/v7-m/nofp/crtn.o
 *(.fini)
 .fini          0x0000000008002d58        0x4 c:/st/stm32cubeide_1.6.1/stm32cubeide/plugins/com.st.stm32cube.ide.mcu.externaltools.gnu-tools-for-stm32.9-2020-q2-update.win32_1.5.0.202011040924/tools/bin/../lib/gcc/arm-none-eabi/9.3.1/thumb/v7-m/nofp/crti.o
                0x0000000008002d58                _fini
 .fini          0x0000000008002d5c        0x8 c:/st/stm32cubeide_1.6.1/stm32cubeide/plugins/com.st.stm32cube.ide.mcu.externaltools.gnu-tools-for-stm32.9-2020-q2-update.win32_1.5.0.202011040924/tools/bin/../lib/gcc/arm-none-eabi/9.3.1/thumb/v7-m/nofp/crtn.o
                0x0000000008002d64                . = ALIGN (0x4)
                0x0000000008002d64                _etext = .

.vfp11_veneer   0x0000000008002d64        0x0
 .vfp11_veneer  0x0000000008002d64        0x0 linker stubs

.v4_bx          0x0000000008002d64        0x0
 .v4_bx         0x0000000008002d64        0x0 linker stubs

.iplt           0x0000000008002d64        0x0
 .iplt          0x0000000008002d64        0x0 c:/st/stm32cubeide_1.6.1/stm32cubeide/plugins/com.st.stm32cube.ide.mcu.externaltools.gnu-tools-for-stm32.9-2020-q2-update.win32_1.5.0.202011040924/tools/bin/../lib/gcc/arm-none-eabi/9.3.1/thumb/v7-m/nofp/crtbegin.o

.rodata         0x0000000008002d64      0x14c
                0x0000000008002d64                . = ALIGN (0x4)
 *(.rodata)
 .rodata        0x0000000008002d64      0x14c Core/Src/main.o
 *(.rodata*)
                0x0000000008002eb0                . = ALIGN (0x4)

.rel.dyn        0x0000000008002eb0        0x0
 .rel.iplt      0x0000000008002eb0        0x0 c:/st/stm32cubeide_1.6.1/stm32cubeide/plugins/com.st.stm32cube.ide.mcu.externaltools.gnu-tools-for-stm32.9-2020-q2-update.win32_1.5.0.202011040924/tools/bin/../lib/gcc/arm-none-eabi/9.3.1/thumb/v7-m/nofp/crtbegin.o

.ARM.extab      0x0000000008002eb0        0x0
                0x0000000008002eb0                . = ALIGN (0x4)
 *(.ARM.extab* .gnu.linkonce.armextab.*)
                0x0000000008002eb0                . = ALIGN (0x4)

.ARM            0x0000000008002eb0        0x0
                0x0000000008002eb0                . = ALIGN (0x4)
                0x0000000008002eb0                __exidx_start = .
 *(.ARM.exidx*)
                0x0000000008002eb0                __exidx_end = .
                0x0000000008002eb0                . = ALIGN (0x4)

.preinit_array  0x0000000008002eb0        0x0
                0x0000000008002eb0                . = ALIGN (0x4)
                0x0000000008002eb0                PROVIDE (__preinit_array_start = .)
 *(.preinit_array*)
                0x0000000008002eb0                PROVIDE (__preinit_array_end = .)
                0x0000000008002eb0                . = ALIGN (0x4)

.init_array     0x0000000008002eb0        0x4
                0x0000000008002eb0                . = ALIGN (0x4)
                0x0000000008002eb0                PROVIDE (__init_array_start = .)
 *(SORT_BY_NAME(.init_array.*))
 *(.init_array*)
 .init_array    0x0000000008002eb0        0x4 c:/st/stm32cubeide_1.6.1/stm32cubeide/plugins/com.st.stm32cube.ide.mcu.externaltools.gnu-tools-for-stm32.9-2020-q2-update.win32_1.5.0.202011040924/tools/bin/../lib/gcc/arm-none-eabi/9.3.1/thumb/v7-m/nofp/crtbegin.o
                0x0000000008002eb4                PROVIDE (__init_array_end = .)
                0x0000000008002eb4                . = ALIGN (0x4)

.fini_array     0x0000000008002eb4        0x4
                0x0000000008002eb4                . = ALIGN (0x4)
                [!provide]                        PROVIDE (__fini_array_start = .)
 *(SORT_BY_NAME(.fini_array.*))
 *(.fini_array*)
 .fini_array    0x0000000008002eb4        0x4 c:/st/stm32cubeide_1.6.1/stm32cubeide/plugins/com.st.stm32cube.ide.mcu.externaltools.gnu-tools-for-stm32.9-2020-q2-update.win32_1.5.0.202011040924/tools/bin/../lib/gcc/arm-none-eabi/9.3.1/thumb/v7-m/nofp/crtbegin.o
                [!provide]                        PROVIDE (__fini_array_end = .)
                0x0000000008002eb8                . = ALIGN (0x4)
                0x0000000008002eb8                _sidata = LOADADDR (.data)

.data           0x0000000020000000       0x1c load address 0x0000000008002eb8
                0x0000000020000000                . = ALIGN (0x4)
                0x0000000020000000                _sdata = .
 *(.data)
 *(.data*)
 .data.UART     0x0000000020000000       0x14 Core/Src/UART_program.o
                0x0000000020000000                UART
 .data.first_time_none_flag
                0x0000000020000014        0x1 Core/Src/main.o
                0x0000000020000014                first_time_none_flag
 .data.first_time_eye_flag
                0x0000000020000015        0x1 Core/Src/main.o
                0x0000000020000015                first_time_eye_flag
 .data.first_time_voice_flag
                0x0000000020000016        0x1 Core/Src/main.o
                0x0000000020000016                first_time_voice_flag
 .data.first_time_joystick_flag
                0x0000000020000017        0x1 Core/Src/main.o
                0x0000000020000017                first_time_joystick_flag
 .data.first_time_remote_flag
                0x0000000020000018        0x1 Core/Src/main.o
                0x0000000020000018                first_time_remote_flag
 *(.RamFunc)
 *(.RamFunc*)
                0x000000002000001c                . = ALIGN (0x4)
 *fill*         0x0000000020000019        0x3 
                0x000000002000001c                _edata = .

.igot.plt       0x000000002000001c        0x0 load address 0x0000000008002ed4
 .igot.plt      0x000000002000001c        0x0 c:/st/stm32cubeide_1.6.1/stm32cubeide/plugins/com.st.stm32cube.ide.mcu.externaltools.gnu-tools-for-stm32.9-2020-q2-update.win32_1.5.0.202011040924/tools/bin/../lib/gcc/arm-none-eabi/9.3.1/thumb/v7-m/nofp/crtbegin.o
                0x000000002000001c                . = ALIGN (0x4)

.bss            0x000000002000001c       0xc8 load address 0x0000000008002ed4
                0x000000002000001c                _sbss = .
                0x000000002000001c                __bss_start__ = _sbss
 *(.bss)
 .bss           0x000000002000001c       0x1c c:/st/stm32cubeide_1.6.1/stm32cubeide/plugins/com.st.stm32cube.ide.mcu.externaltools.gnu-tools-for-stm32.9-2020-q2-update.win32_1.5.0.202011040924/tools/bin/../lib/gcc/arm-none-eabi/9.3.1/thumb/v7-m/nofp/crtbegin.o
 *(.bss*)
 .bss.SysTick_CallBack
                0x0000000020000038        0x4 Core/Src/STK_program.o
 .bss.MSTK_u8ModeOfInterval
                0x000000002000003c        0x1 Core/Src/STK_program.o
 *fill*         0x000000002000003d        0x3 
 .bss.UART1_CallBack
                0x0000000020000040        0x4 Core/Src/UART_program.o
 .bss.UART2_CallBack
                0x0000000020000044        0x4 Core/Src/UART_program.o
 .bss.UART3_CallBack
                0x0000000020000048        0x4 Core/Src/UART_program.o
 .bss.Raspberry_command_flag
                0x000000002000004c        0x1 Core/Src/main.o
                0x000000002000004c                Raspberry_command_flag
 .bss.Bluetooth_char
                0x000000002000004d        0x1 Core/Src/main.o
                0x000000002000004d                Bluetooth_char
 .bss.Bluetooth_command_flag
                0x000000002000004e        0x1 Core/Src/main.o
                0x000000002000004e                Bluetooth_command_flag
 *fill*         0x000000002000004f        0x1 
 .bss.ADC_DATA_Y
                0x0000000020000050        0x2 Core/Src/main.o
                0x0000000020000050                ADC_DATA_Y
 .bss.ADC_DATA_X
                0x0000000020000052        0x2 Core/Src/main.o
                0x0000000020000052                ADC_DATA_X
 .bss.wheelchair_mode
                0x0000000020000054        0x1 Core/Src/main.o
                0x0000000020000054                wheelchair_mode
 .bss.counter.4489
                0x0000000020000055        0x1 Core/Src/main.o
 *(COMMON)
 *fill*         0x0000000020000056        0x2 
 COMMON         0x0000000020000058       0x8c Core/Src/main.o
                0x0000000020000058                Command_Debug
                0x000000002000006c                I2C_Data
                0x0000000020000070                Bluetooth
                0x0000000020000090                Command_Raspberry
                0x00000000200000a4                Raspberry
                0x00000000200000c4                Debug
                0x00000000200000e4                . = ALIGN (0x4)
                0x00000000200000e4                _ebss = .
                0x00000000200000e4                __bss_end__ = _ebss

._user_heap_stack
                0x00000000200000e4      0x604 load address 0x0000000008002ed4
                0x00000000200000e8                . = ALIGN (0x8)
 *fill*         0x00000000200000e4        0x4 
                [!provide]                        PROVIDE (end = .)
                0x00000000200000e8                PROVIDE (_end = .)
                0x00000000200002e8                . = (. + _Min_Heap_Size)
 *fill*         0x00000000200000e8      0x200 
                0x00000000200006e8                . = (. + _Min_Stack_Size)
 *fill*         0x00000000200002e8      0x400 
                0x00000000200006e8                . = ALIGN (0x8)

/DISCARD/
 libc.a(*)
 libm.a(*)
 libgcc.a(*)

.ARM.attributes
                0x0000000000000000       0x29
 *(.ARM.attributes)
 .ARM.attributes
                0x0000000000000000       0x1d c:/st/stm32cubeide_1.6.1/stm32cubeide/plugins/com.st.stm32cube.ide.mcu.externaltools.gnu-tools-for-stm32.9-2020-q2-update.win32_1.5.0.202011040924/tools/bin/../lib/gcc/arm-none-eabi/9.3.1/thumb/v7-m/nofp/crti.o
 .ARM.attributes
                0x000000000000001d       0x2d c:/st/stm32cubeide_1.6.1/stm32cubeide/plugins/com.st.stm32cube.ide.mcu.externaltools.gnu-tools-for-stm32.9-2020-q2-update.win32_1.5.0.202011040924/tools/bin/../lib/gcc/arm-none-eabi/9.3.1/thumb/v7-m/nofp/crtbegin.o
 .ARM.attributes
                0x000000000000004a       0x2d Core/Src/ADC_program.o
 .ARM.attributes
                0x0000000000000077       0x2d Core/Src/GPIO_program.o
 .ARM.attributes
                0x00000000000000a4       0x2d Core/Src/NVIC_program.o
 .ARM.attributes
                0x00000000000000d1       0x2d Core/Src/PWM_program.o
 .ARM.attributes
                0x00000000000000fe       0x2d Core/Src/RCC_program.o
 .ARM.attributes
                0x000000000000012b       0x2d Core/Src/STK_program.o
 .ARM.attributes
                0x0000000000000158       0x2d Core/Src/UART_program.o
 .ARM.attributes
                0x0000000000000185       0x2d Core/Src/main.o
 .ARM.attributes
                0x00000000000001b2       0x2d Core/Src/stm32f1xx_it.o
 .ARM.attributes
                0x00000000000001df       0x2d Core/Src/system_stm32f1xx.o
 .ARM.attributes
                0x000000000000020c       0x21 Core/Startup/startup_stm32f103c8tx.o
 .ARM.attributes
                0x000000000000022d       0x2d c:/st/stm32cubeide_1.6.1/stm32cubeide/plugins/com.st.stm32cube.ide.mcu.externaltools.gnu-tools-for-stm32.9-2020-q2-update.win32_1.5.0.202011040924/tools/bin/../lib/gcc/arm-none-eabi/9.3.1/../../../../arm-none-eabi/lib/thumb/v7-m/nofp\libc_nano.a(lib_a-init.o)
 .ARM.attributes
                0x000000000000025a       0x1d c:/st/stm32cubeide_1.6.1/stm32cubeide/plugins/com.st.stm32cube.ide.mcu.externaltools.gnu-tools-for-stm32.9-2020-q2-update.win32_1.5.0.202011040924/tools/bin/../lib/gcc/arm-none-eabi/9.3.1/thumb/v7-m/nofp\libgcc.a(_arm_mulsf3.o)
 .ARM.attributes
                0x0000000000000277       0x1d c:/st/stm32cubeide_1.6.1/stm32cubeide/plugins/com.st.stm32cube.ide.mcu.externaltools.gnu-tools-for-stm32.9-2020-q2-update.win32_1.5.0.202011040924/tools/bin/../lib/gcc/arm-none-eabi/9.3.1/thumb/v7-m/nofp\libgcc.a(_arm_addsubdf3.o)
 .ARM.attributes
                0x0000000000000294       0x1d c:/st/stm32cubeide_1.6.1/stm32cubeide/plugins/com.st.stm32cube.ide.mcu.externaltools.gnu-tools-for-stm32.9-2020-q2-update.win32_1.5.0.202011040924/tools/bin/../lib/gcc/arm-none-eabi/9.3.1/thumb/v7-m/nofp\libgcc.a(_arm_muldivdf3.o)
 .ARM.attributes
                0x00000000000002b1       0x1d c:/st/stm32cubeide_1.6.1/stm32cubeide/plugins/com.st.stm32cube.ide.mcu.externaltools.gnu-tools-for-stm32.9-2020-q2-update.win32_1.5.0.202011040924/tools/bin/../lib/gcc/arm-none-eabi/9.3.1/thumb/v7-m/nofp\libgcc.a(_arm_truncdfsf2.o)
 .ARM.attributes
                0x00000000000002ce       0x1d c:/st/stm32cubeide_1.6.1/stm32cubeide/plugins/com.st.stm32cube.ide.mcu.externaltools.gnu-tools-for-stm32.9-2020-q2-update.win32_1.5.0.202011040924/tools/bin/../lib/gcc/arm-none-eabi/9.3.1/thumb/v7-m/nofp\libgcc.a(_arm_addsubsf3.o)
 .ARM.attributes
                0x00000000000002eb       0x1d c:/st/stm32cubeide_1.6.1/stm32cubeide/plugins/com.st.stm32cube.ide.mcu.externaltools.gnu-tools-for-stm32.9-2020-q2-update.win32_1.5.0.202011040924/tools/bin/../lib/gcc/arm-none-eabi/9.3.1/thumb/v7-m/nofp\libgcc.a(_arm_cmpsf2.o)
 .ARM.attributes
                0x0000000000000308       0x1d c:/st/stm32cubeide_1.6.1/stm32cubeide/plugins/com.st.stm32cube.ide.mcu.externaltools.gnu-tools-for-stm32.9-2020-q2-update.win32_1.5.0.202011040924/tools/bin/../lib/gcc/arm-none-eabi/9.3.1/thumb/v7-m/nofp\libgcc.a(_arm_fixunssfsi.o)
 .ARM.attributes
                0x0000000000000325       0x1d c:/st/stm32cubeide_1.6.1/stm32cubeide/plugins/com.st.stm32cube.ide.mcu.externaltools.gnu-tools-for-stm32.9-2020-q2-update.win32_1.5.0.202011040924/tools/bin/../lib/gcc/arm-none-eabi/9.3.1/thumb/v7-m/nofp/crtn.o
OUTPUT(wheelchair_select_modes_selector.elf elf32-littlearm)
LOAD linker stubs
LOAD c:/st/stm32cubeide_1.6.1/stm32cubeide/plugins/com.st.stm32cube.ide.mcu.externaltools.gnu-tools-for-stm32.9-2020-q2-update.win32_1.5.0.202011040924/tools/bin/../lib/gcc/arm-none-eabi/9.3.1/../../../../arm-none-eabi/lib/thumb/v7-m/nofp\libc.a
LOAD c:/st/stm32cubeide_1.6.1/stm32cubeide/plugins/com.st.stm32cube.ide.mcu.externaltools.gnu-tools-for-stm32.9-2020-q2-update.win32_1.5.0.202011040924/tools/bin/../lib/gcc/arm-none-eabi/9.3.1/../../../../arm-none-eabi/lib/thumb/v7-m/nofp\libm.a
LOAD c:/st/stm32cubeide_1.6.1/stm32cubeide/plugins/com.st.stm32cube.ide.mcu.externaltools.gnu-tools-for-stm32.9-2020-q2-update.win32_1.5.0.202011040924/tools/bin/../lib/gcc/arm-none-eabi/9.3.1/thumb/v7-m/nofp\libgcc.a

.debug_info     0x0000000000000000     0x2753
 .debug_info    0x0000000000000000      0x1ca Core/Src/ADC_program.o
 .debug_info    0x00000000000001ca      0x398 Core/Src/GPIO_program.o
 .debug_info    0x0000000000000562      0x198 Core/Src/NVIC_program.o
 .debug_info    0x00000000000006fa      0x1fe Core/Src/PWM_program.o
 .debug_info    0x00000000000008f8      0x2bc Core/Src/RCC_program.o
 .debug_info    0x0000000000000bb4      0x207 Core/Src/STK_program.o
 .debug_info    0x0000000000000dbb      0xa9d Core/Src/UART_program.o
 .debug_info    0x0000000000001858      0xa0b Core/Src/main.o
 .debug_info    0x0000000000002263      0x210 Core/Src/stm32f1xx_it.o
 .debug_info    0x0000000000002473      0x2be Core/Src/system_stm32f1xx.o
 .debug_info    0x0000000000002731       0x22 Core/Startup/startup_stm32f103c8tx.o

.debug_abbrev   0x0000000000000000      0xa80
 .debug_abbrev  0x0000000000000000       0xbe Core/Src/ADC_program.o
 .debug_abbrev  0x00000000000000be      0x113 Core/Src/GPIO_program.o
 .debug_abbrev  0x00000000000001d1       0xa7 Core/Src/NVIC_program.o
 .debug_abbrev  0x0000000000000278       0xac Core/Src/PWM_program.o
 .debug_abbrev  0x0000000000000324       0xec Core/Src/RCC_program.o
 .debug_abbrev  0x0000000000000410      0x118 Core/Src/STK_program.o
 .debug_abbrev  0x0000000000000528      0x1e3 Core/Src/UART_program.o
 .debug_abbrev  0x000000000000070b      0x15d Core/Src/main.o
 .debug_abbrev  0x0000000000000868       0xb8 Core/Src/stm32f1xx_it.o
 .debug_abbrev  0x0000000000000920      0x14e Core/Src/system_stm32f1xx.o
 .debug_abbrev  0x0000000000000a6e       0x12 Core/Startup/startup_stm32f103c8tx.o

.debug_aranges  0x0000000000000000      0x388
 .debug_aranges
                0x0000000000000000       0x30 Core/Src/ADC_program.o
 .debug_aranges
                0x0000000000000030       0x50 Core/Src/GPIO_program.o
 .debug_aranges
                0x0000000000000080       0x50 Core/Src/NVIC_program.o
 .debug_aranges
                0x00000000000000d0       0x30 Core/Src/PWM_program.o
 .debug_aranges
                0x0000000000000100       0x60 Core/Src/RCC_program.o
 .debug_aranges
                0x0000000000000160       0x58 Core/Src/STK_program.o
 .debug_aranges
                0x00000000000001b8       0x90 Core/Src/UART_program.o
 .debug_aranges
                0x0000000000000248       0x98 Core/Src/main.o
 .debug_aranges
                0x00000000000002e0       0x58 Core/Src/stm32f1xx_it.o
 .debug_aranges
                0x0000000000000338       0x28 Core/Src/system_stm32f1xx.o
 .debug_aranges
                0x0000000000000360       0x28 Core/Startup/startup_stm32f103c8tx.o

.debug_ranges   0x0000000000000000      0x2e0
 .debug_ranges  0x0000000000000000       0x20 Core/Src/ADC_program.o
 .debug_ranges  0x0000000000000020       0x40 Core/Src/GPIO_program.o
 .debug_ranges  0x0000000000000060       0x40 Core/Src/NVIC_program.o
 .debug_ranges  0x00000000000000a0       0x20 Core/Src/PWM_program.o
 .debug_ranges  0x00000000000000c0       0x50 Core/Src/RCC_program.o
 .debug_ranges  0x0000000000000110       0x48 Core/Src/STK_program.o
 .debug_ranges  0x0000000000000158       0x80 Core/Src/UART_program.o
 .debug_ranges  0x00000000000001d8       0x88 Core/Src/main.o
 .debug_ranges  0x0000000000000260       0x48 Core/Src/stm32f1xx_it.o
 .debug_ranges  0x00000000000002a8       0x18 Core/Src/system_stm32f1xx.o
 .debug_ranges  0x00000000000002c0       0x20 Core/Startup/startup_stm32f103c8tx.o

.debug_macro    0x0000000000000000     0x157b
 .debug_macro   0x0000000000000000       0x44 Core/Src/ADC_program.o
 .debug_macro   0x0000000000000044      0xa9c Core/Src/ADC_program.o
 .debug_macro   0x0000000000000ae0       0x22 Core/Src/ADC_program.o
 .debug_macro   0x0000000000000b02       0x10 Core/Src/ADC_program.o
 .debug_macro   0x0000000000000b12       0x16 Core/Src/ADC_program.o
 .debug_macro   0x0000000000000b28       0x35 Core/Src/GPIO_program.o
 .debug_macro   0x0000000000000b5d       0xe2 Core/Src/GPIO_program.o
 .debug_macro   0x0000000000000c3f       0x1c Core/Src/GPIO_program.o
 .debug_macro   0x0000000000000c5b       0x44 Core/Src/NVIC_program.o
 .debug_macro   0x0000000000000c9f       0x8e Core/Src/NVIC_program.o
 .debug_macro   0x0000000000000d2d       0x10 Core/Src/NVIC_program.o
 .debug_macro   0x0000000000000d3d       0x6a Core/Src/NVIC_program.o
 .debug_macro   0x0000000000000da7       0x36 Core/Src/PWM_program.o
 .debug_macro   0x0000000000000ddd       0x16 Core/Src/PWM_program.o
 .debug_macro   0x0000000000000df3       0x3e Core/Src/RCC_program.o
 .debug_macro   0x0000000000000e31       0xee Core/Src/RCC_program.o
 .debug_macro   0x0000000000000f1f      0x142 Core/Src/RCC_program.o
 .debug_macro   0x0000000000001061       0x34 Core/Src/RCC_program.o
 .debug_macro   0x0000000000001095       0x3f Core/Src/STK_program.o
 .debug_macro   0x00000000000010d4       0x28 Core/Src/STK_program.o
 .debug_macro   0x00000000000010fc       0x10 Core/Src/STK_program.o
 .debug_macro   0x000000000000110c       0x3c Core/Src/UART_program.o
 .debug_macro   0x0000000000001148       0x28 Core/Src/UART_program.o
 .debug_macro   0x0000000000001170       0x85 Core/Src/main.o
 .debug_macro   0x00000000000011f5       0x6a Core/Src/main.o
 .debug_macro   0x000000000000125f      0x198 Core/Src/stm32f1xx_it.o
 .debug_macro   0x00000000000013f7      0x184 Core/Src/system_stm32f1xx.o

.debug_line     0x0000000000000000     0x2b01
 .debug_line    0x0000000000000000      0x17e Core/Src/ADC_program.o
 .debug_line    0x000000000000017e      0x336 Core/Src/GPIO_program.o
 .debug_line    0x00000000000004b4      0x25b Core/Src/NVIC_program.o
 .debug_line    0x000000000000070f      0x12d Core/Src/PWM_program.o
 .debug_line    0x000000000000083c      0x67e Core/Src/RCC_program.o
 .debug_line    0x0000000000000eba      0x1fb Core/Src/STK_program.o
 .debug_line    0x00000000000010b5      0x535 Core/Src/UART_program.o
 .debug_line    0x00000000000015ea      0x700 Core/Src/main.o
 .debug_line    0x0000000000001cea      0x6de Core/Src/stm32f1xx_it.o
 .debug_line    0x00000000000023c8      0x6b2 Core/Src/system_stm32f1xx.o
 .debug_line    0x0000000000002a7a       0x87 Core/Startup/startup_stm32f103c8tx.o

.debug_str      0x0000000000000000    0x7d225
 .debug_str     0x0000000000000000     0x2fce Core/Src/ADC_program.o
                                       0x303d (size before relaxing)
 .debug_str     0x0000000000002fce      0x5b5 Core/Src/GPIO_program.o
                                       0x3470 (size before relaxing)
 .debug_str     0x0000000000003583      0x6ca Core/Src/NVIC_program.o
                                       0x3593 (size before relaxing)
 .debug_str     0x0000000000003c4d      0x1c3 Core/Src/PWM_program.o
                                       0x307e (size before relaxing)
 .debug_str     0x0000000000003e10      0x6f5 Core/Src/RCC_program.o
                                       0x35b0 (size before relaxing)
 .debug_str     0x0000000000004505      0x1fb Core/Src/STK_program.o
                                       0x30d6 (size before relaxing)
 .debug_str     0x0000000000004700      0xacd Core/Src/UART_program.o
                                       0x399a (size before relaxing)
 .debug_str     0x00000000000051cd      0x3fd Core/Src/main.o
                                       0x4085 (size before relaxing)
 .debug_str     0x00000000000055ca    0x77bc7 Core/Src/stm32f1xx_it.o
                                      0x7acb4 (size before relaxing)
 .debug_str     0x000000000007d191       0x5e Core/Src/system_stm32f1xx.o
                                      0x7ac94 (size before relaxing)
 .debug_str     0x000000000007d1ef       0x36 Core/Startup/startup_stm32f103c8tx.o
                                         0xb5 (size before relaxing)

.comment        0x0000000000000000       0x53
 .comment       0x0000000000000000       0x53 Core/Src/ADC_program.o
                                         0x54 (size before relaxing)
 .comment       0x0000000000000053       0x54 Core/Src/GPIO_program.o
 .comment       0x0000000000000053       0x54 Core/Src/NVIC_program.o
 .comment       0x0000000000000053       0x54 Core/Src/PWM_program.o
 .comment       0x0000000000000053       0x54 Core/Src/RCC_program.o
 .comment       0x0000000000000053       0x54 Core/Src/STK_program.o
 .comment       0x0000000000000053       0x54 Core/Src/UART_program.o
 .comment       0x0000000000000053       0x54 Core/Src/main.o
 .comment       0x0000000000000053       0x54 Core/Src/stm32f1xx_it.o
 .comment       0x0000000000000053       0x54 Core/Src/system_stm32f1xx.o

.debug_frame    0x0000000000000000      0xdd8
 .debug_frame   0x0000000000000000       0x7c Core/Src/ADC_program.o
 .debug_frame   0x000000000000007c      0x124 Core/Src/GPIO_program.o
 .debug_frame   0x00000000000001a0      0x120 Core/Src/NVIC_program.o
 .debug_frame   0x00000000000002c0       0x80 Core/Src/PWM_program.o
 .debug_frame   0x0000000000000340      0x16c Core/Src/RCC_program.o
 .debug_frame   0x00000000000004ac      0x134 Core/Src/STK_program.o
 .debug_frame   0x00000000000005e0      0x224 Core/Src/UART_program.o
 .debug_frame   0x0000000000000804      0x1ec Core/Src/main.o
 .debug_frame   0x00000000000009f0       0xe8 Core/Src/stm32f1xx_it.o
 .debug_frame   0x0000000000000ad8       0x58 Core/Src/system_stm32f1xx.o
 .debug_frame   0x0000000000000b30       0x2c c:/st/stm32cubeide_1.6.1/stm32cubeide/plugins/com.st.stm32cube.ide.mcu.externaltools.gnu-tools-for-stm32.9-2020-q2-update.win32_1.5.0.202011040924/tools/bin/../lib/gcc/arm-none-eabi/9.3.1/../../../../arm-none-eabi/lib/thumb/v7-m/nofp\libc_nano.a(lib_a-init.o)
 .debug_frame   0x0000000000000b5c       0x24 c:/st/stm32cubeide_1.6.1/stm32cubeide/plugins/com.st.stm32cube.ide.mcu.externaltools.gnu-tools-for-stm32.9-2020-q2-update.win32_1.5.0.202011040924/tools/bin/../lib/gcc/arm-none-eabi/9.3.1/thumb/v7-m/nofp\libgcc.a(_arm_mulsf3.o)
 .debug_frame   0x0000000000000b80       0xac c:/st/stm32cubeide_1.6.1/stm32cubeide/plugins/com.st.stm32cube.ide.mcu.externaltools.gnu-tools-for-stm32.9-2020-q2-update.win32_1.5.0.202011040924/tools/bin/../lib/gcc/arm-none-eabi/9.3.1/thumb/v7-m/nofp\libgcc.a(_arm_addsubdf3.o)
 .debug_frame   0x0000000000000c2c       0x50 c:/st/stm32cubeide_1.6.1/stm32cubeide/plugins/com.st.stm32cube.ide.mcu.externaltools.gnu-tools-for-stm32.9-2020-q2-update.win32_1.5.0.202011040924/tools/bin/../lib/gcc/arm-none-eabi/9.3.1/thumb/v7-m/nofp\libgcc.a(_arm_muldivdf3.o)
 .debug_frame   0x0000000000000c7c       0x24 c:/st/stm32cubeide_1.6.1/stm32cubeide/plugins/com.st.stm32cube.ide.mcu.externaltools.gnu-tools-for-stm32.9-2020-q2-update.win32_1.5.0.202011040924/tools/bin/../lib/gcc/arm-none-eabi/9.3.1/thumb/v7-m/nofp\libgcc.a(_arm_truncdfsf2.o)
 .debug_frame   0x0000000000000ca0       0x4c c:/st/stm32cubeide_1.6.1/stm32cubeide/plugins/com.st.stm32cube.ide.mcu.externaltools.gnu-tools-for-stm32.9-2020-q2-update.win32_1.5.0.202011040924/tools/bin/../lib/gcc/arm-none-eabi/9.3.1/thumb/v7-m/nofp\libgcc.a(_arm_addsubsf3.o)
 .debug_frame   0x0000000000000cec       0xc8 c:/st/stm32cubeide_1.6.1/stm32cubeide/plugins/com.st.stm32cube.ide.mcu.externaltools.gnu-tools-for-stm32.9-2020-q2-update.win32_1.5.0.202011040924/tools/bin/../lib/gcc/arm-none-eabi/9.3.1/thumb/v7-m/nofp\libgcc.a(_arm_cmpsf2.o)
 .debug_frame   0x0000000000000db4       0x24 c:/st/stm32cubeide_1.6.1/stm32cubeide/plugins/com.st.stm32cube.ide.mcu.externaltools.gnu-tools-for-stm32.9-2020-q2-update.win32_1.5.0.202011040924/tools/bin/../lib/gcc/arm-none-eabi/9.3.1/thumb/v7-m/nofp\libgcc.a(_arm_fixunssfsi.o)
