main.c:85:5:main	8	static
main.c:286:6:GetDataFromRaspberryPi	16	static
main.c:305:6:GetDataFromBluetooth	16	static
main.c:325:6:Init	8	static
main.c:454:6:GetTamperature	8	static
main.c:471:6:ControlWheelchairUsingJoystick	8	static
main.c:531:6:WheelChair_Forward	8	static
main.c:542:6:WheelChair_Backward	8	static
main.c:553:6:WheelChair_Right	8	static
main.c:564:6:WheelChair_Left	8	static
main.c:575:6:WheelChair_Stop	8	static
main.c:586:6:WheelChair_RightForward	8	static
main.c:597:6:WheelChair_LeftForward	8	static
main.c:608:6:WheelChair_RightBackward	8	static
main.c:619:6:WheelChair_LeftBackward	8	static
main.c:630:4:compare_strings	24	static
