main.c:66:5:main	8	static
main.c:111:6:GetDateFromRaspberryPi	16	static
main.c:130:6:GetDateFromDebug	16	static
main.c:146:6:Init	8	static
main.c:236:6:GetTamperature	8	static
main.c:252:6:ControlWheelchairUsingJoystick	8	static
main.c:303:6:WheelChair_Forward	8	static
main.c:314:6:WheelChair_Backward	8	static
main.c:325:6:WheelChair_Right	8	static
main.c:336:6:WheelChair_Left	8	static
main.c:347:6:WheelChair_Stop	8	static
main.c:358:6:WheelChair_RightForward	8	static
main.c:369:6:WheelChair_LeftForward	8	static
main.c:380:6:WheelChair_RightBackward	8	static
main.c:391:6:WheelChair_LeftBackward	8	static
main.c:402:4:compare_strings	24	static
